../Core/Src/main.c:93:5:__io_putchar	16	static
../Core/Src/main.c:105:5:main	8	static
../Core/Src/main.c:203:6:SystemClock_Config	96	static
../Core/Src/main.c:253:13:MX_TIM3_Init	48	static
../Core/Src/main.c:306:13:MX_USART1_UART_Init	8	static
../Core/Src/main.c:341:13:MX_USART2_UART_Init	8	static
../Core/Src/main.c:376:13:MX_USART3_UART_Init	8	static
../Core/Src/main.c:411:13:MX_GPIO_Init	48	static
../Core/Src/main.c:481:6:HAL_UART_RxCpltCallback	24	static
../Core/Src/main.c:510:6:LoRa_ProcessLine	112	static
../Core/Src/main.c:549:6:LoRa_SendCommand	296	static
../Core/Src/main.c:598:6:LoRa_ReadLine	40	static
../Core/Src/main.c:623:6:LoRa_Init	152	static
../Core/Src/main.c:673:6:LoRa_SendMessage	168	static
../Core/Src/main.c:685:6:LoRa_StartReceive_IT	16	static
../Core/Src/main.c:691:6:MotorControlFWD	4	static
../Core/Src/main.c:697:6:MotorControlREV	4	static
../Core/Src/main.c:703:6:MotorControlLEFT	4	static
../Core/Src/main.c:708:6:MotorControlRIGHT	4	static
../Core/Src/main.c:713:6:MotorControlSTOP	4	static
../Core/Src/main.c:719:6:HAL_GPIO_EXTI_Callback	16	static
../Core/Src/main.c:755:6:Error_Handler	4	static,ignoring_inline_asm
