../Core/Src/main.c:95:5:__io_putchar	1
../Core/Src/main.c:107:5:main	3
../Core/Src/main.c:199:6:SystemClock_Config	4
../Core/Src/main.c:249:13:MX_ADC1_Init	4
../Core/Src/main.c:316:13:MX_TIM2_Init	5
../Core/Src/main.c:369:13:MX_USART1_UART_Init	2
../Core/Src/main.c:404:13:MX_USART2_UART_Init	2
../Core/Src/main.c:439:13:MX_USART3_UART_Init	2
../Core/Src/main.c:474:13:MX_GPIO_Init	1
../Core/Src/main.c:520:6:HAL_UART_RxCpltCallback	6
../Core/Src/main.c:549:6:LoRa_ProcessLine	7
../Core/Src/main.c:586:6:LoRa_SendCommand	6
../Core/Src/main.c:635:6:LoRa_ReadLine	5
../Core/Src/main.c:660:6:LoRa_Init	6
../Core/Src/main.c:710:6:LoRa_SendMessage	1
../Core/Src/main.c:722:6:LoRa_StartReceive_IT	1
../Core/Src/main.c:733:6:Error_Handler	1
