../Core/Src/main.c:93:5:__io_putchar	1
../Core/Src/main.c:105:5:main	1
../Core/Src/main.c:203:6:SystemClock_Config	4
../Core/Src/main.c:253:13:MX_TIM3_Init	5
../Core/Src/main.c:306:13:MX_USART1_UART_Init	2
../Core/Src/main.c:341:13:MX_USART2_UART_Init	2
../Core/Src/main.c:376:13:MX_USART3_UART_Init	2
../Core/Src/main.c:411:13:MX_GPIO_Init	1
../Core/Src/main.c:481:6:HAL_UART_RxCpltCallback	6
../Core/Src/main.c:510:6:LoRa_ProcessLine	9
../Core/Src/main.c:549:6:LoRa_SendCommand	6
../Core/Src/main.c:598:6:LoRa_ReadLine	5
../Core/Src/main.c:623:6:LoRa_Init	6
../Core/Src/main.c:673:6:LoRa_SendMessage	1
../Core/Src/main.c:685:6:LoRa_StartReceive_IT	1
../Core/Src/main.c:691:6:MotorControlFWD	1
../Core/Src/main.c:697:6:MotorControlREV	1
../Core/Src/main.c:703:6:MotorControlLEFT	1
../Core/Src/main.c:708:6:MotorControlRIGHT	1
../Core/Src/main.c:713:6:MotorControlSTOP	1
../Core/Src/main.c:719:6:HAL_GPIO_EXTI_Callback	6
../Core/Src/main.c:755:6:Error_Handler	1
