../Core/Src/main.c:93:5:__io_putchar	16	static
../Core/Src/main.c:105:5:main	8	static
../Core/Src/main.c:202:6:SystemClock_Config	96	static
../Core/Src/main.c:252:13:MX_TIM3_Init	48	static
../Core/Src/main.c:305:13:MX_USART1_UART_Init	8	static
../Core/Src/main.c:340:13:MX_USART2_UART_Init	8	static
../Core/Src/main.c:375:13:MX_USART3_UART_Init	8	static
../Core/Src/main.c:410:13:MX_GPIO_Init	48	static
../Core/Src/main.c:464:6:HAL_UART_RxCpltCallback	24	static
../Core/Src/main.c:493:6:LoRa_ProcessLine	112	static
../Core/Src/main.c:532:6:LoRa_SendCommand	296	static
../Core/Src/main.c:581:6:LoRa_ReadLine	40	static
../Core/Src/main.c:606:6:LoRa_Init	152	static
../Core/Src/main.c:656:6:LoRa_SendMessage	168	static
../Core/Src/main.c:668:6:LoRa_StartReceive_IT	16	static
../Core/Src/main.c:674:6:MotorControlFWD	4	static
../Core/Src/main.c:680:6:MotorControlREV	4	static
../Core/Src/main.c:686:6:MotorControlLEFT	4	static
../Core/Src/main.c:691:6:MotorControlRIGHT	4	static
../Core/Src/main.c:696:6:MotorControlSTOP	4	static
../Core/Src/main.c:702:6:HAL_GPIO_EXTI_Callback	16	static
../Core/Src/main.c:730:6:Error_Handler	4	static,ignoring_inline_asm
